[www.greenheartcbd.io/index.html]
[backblue.gif]
[fade.gif]
[index.html]
[www.greenheartcbd.io/assets/images/GreenHeart-CBD-Logo-01-1.png]
[vjs.zencdn.net/7.11.4/video-js.css]
[www.greenheartcbd.io/assets/images/green-logo-white.jpg]
[www.greenheartcbd.io/video/CBD_V.4.mp4]
[www.greenheartcbd.io/assets/images/leftside.jpg]
[www.greenheartcbd.io/venture/Mantra.png]
[www.greenheartcbd.io/venture/alphabit logo.png]
[www.greenheartcbd.io/venture/Protocol Ventures Logo.png]
[www.greenheartcbd.io/venture/GBIC LOGO.png]
[www.greenheartcbd.io/venture/bscpad.png]
[www.greenheartcbd.io/venture/DAG_signature_blue.png]
[www.greenheartcbd.io/venture/hill-international-logo-vector.png]
[www.greenheartcbd.io/venture/ZenaDrone AI.png]
[www.greenheartcbd.io/venture/Epazz AI2.png]
[www.greenheartcbd.io/venture/lumipay_logo_white-01.png]
[www.greenheartcbd.io/venture/fomo.png]
[www.greenheartcbd.io/team/resized/paul.jpg]
[www.greenheartcbd.io/team/resized/shaneb.jpg]
[www.greenheartcbd.io/team/resized/shanem.jpg]
[www.greenheartcbd.io/team/resized/mark.jpg]
[www.greenheartcbd.io/team/resized/ken.jpg]
[www.greenheartcbd.io/team/resized/shaun.jpg]
[www.greenheartcbd.io/team/resized/emil.jpg]
[www.greenheartcbd.io/team/resized/matias.jpg]
[www.greenheartcbd.io/team/resized/markd.jpg]
[www.greenheartcbd.io/team/resized/joel.jpg]
[www.greenheartcbd.io/team/resized/tim.jpg]
[www.greenheartcbd.io/team/resized/liam.jpg]
[www.greenheartcbd.io/team/resized/angiuli.jpg]
[www.greenheartcbd.io/team/resized/dave.jpg]
[www.greenheartcbd.io/team/resized/diane.jpg]
[www.greenheartcbd.io/team/resized/harry.jpg]
[www.greenheartcbd.io/team/resized/nicholas.jpg]
[www.greenheartcbd.io/assets/images/appsoon2.jpg]
[www.greenheartcbd.io/assets/images/featuredin.png]
[www.greenheartcbd.io/assets/js/jquery-1.12.4.min.js]
[www.greenheartcbd.io/assets/bootstrap/js/bootstrap.min.js]
[www.greenheartcbd.io/assets/owlcarousel/js/owl.carousel.min.js]
[www.greenheartcbd.io/assets/js/magnific-popup.min.js]
[www.greenheartcbd.io/assets/js/waypoints.min.js]
[www.greenheartcbd.io/assets/js/parallax.js]
[www.greenheartcbd.io/assets/js/jquery.countdown.min.js]
[www.greenheartcbd.io/assets/js/jquery.dd.min.js]
[www.greenheartcbd.io/assets/js/jquery.counterup.min.js]
[www.greenheartcbd.io/assets/js/spop.min.js]
[www.greenheartcbd.io/assets/js/notification.js]
[www.greenheartcbd.io/assets/js/scripts.js]
[www.greenheartcbd.io/index.html]
[www.greenheartcbd.io/assets/css/animate.css]
[www.greenheartcbd.io/assets/bootstrap/css/bootstrap.min.css]
[vjs.zencdn.net/7.11.4/video.min.js]
[www.greenheartcbd.io/assets/fonts/fontawesome-webfont3e6e.eot]
[www.greenheartcbd.io/assets/fonts/fontawesome-webfontd41d.eot]
[www.greenheartcbd.io/assets/fonts/fontawesome-webfont3e6e.woff2]
[www.greenheartcbd.io/assets/fonts/fontawesome-webfont3e6e.woff]
[www.greenheartcbd.io/assets/fonts/fontawesome-webfont3e6e.ttf]
[www.greenheartcbd.io/assets/css/font-awesome.min.css]
[www.greenheartcbd.io/assets/fonts/ionicons28b5.eot]
[www.greenheartcbd.io/assets/fonts/ionicons28b5.ttf]
[www.greenheartcbd.io/assets/fonts/ionicons28b5.woff]
[www.greenheartcbd.io/assets/css/ionicons.min.css]
[www.greenheartcbd.io/assets/fonts/cryptocoins.woff2]
[www.greenheartcbd.io/assets/fonts/cryptocoins.woff]
[www.greenheartcbd.io/assets/fonts/cryptocoins.ttf]
[www.greenheartcbd.io/assets/css/cryptocoins.css]
[www.greenheartcbd.io/assets/owlcarousel/css/owl.carousel.min.css]
[www.greenheartcbd.io/assets/owlcarousel/css/owl.theme.default.min.css]
[www.greenheartcbd.io/assets/css/magnific-popup.css]
[www.greenheartcbd.io/assets/css/spop.min.css]
[www.greenheartcbd.io/assets/fonts/neuemachina-regular-webfont.woff2]
[www.greenheartcbd.io/assets/fonts/neuemachina-regular-webfont.woff]
[www.greenheartcbd.io/assets/images/banner_bg1.png]
[www.greenheartcbd.io/assets/images/wave.png]
[www.greenheartcbd.io/assets/images/about_bg.png]
[www.greenheartcbd.io/assets/images/rounded_shape.png]
[www.greenheartcbd.io/assets/images/token_countdown_bg.png]
[www.greenheartcbd.io/assets/images/token_bg2.png]
[www.greenheartcbd.io/assets/images/mobile_shape_bg.png]
[www.greenheartcbd.io/assets/images/footer_pattern.png]
[www.greenheartcbd.io/assets/images/counter_bg.jpg]
[www.greenheartcbd.io/assets/images/whitepaper_pattern.png]
[www.greenheartcbd.io/assets/images/nextafter-section2.jpg]
[www.greenheartcbd.io/assets/images/nextafter2.jpg]
[www.greenheartcbd.io/assets/css/stylea8ef.css]
[www.greenheartcbd.io/assets/css/responsive.css]
[www.greenheartcbd.io/assets/color/theme-green68b3.css]
[vjs.zencdn.net/7.11.4/video-js.css]
[www.greenheartcbd.io/assets/js/modern_canvas.js]
[www.greenheartcbd.io/assets/fonts/fontawesome-webfont3e6e.svg]
[www.greenheartcbd.io/assets/fonts/ionicons28b5.svg]
[www.greenheartcbd.io/assets/owlcarousel/css/owl.video.play.html]
[www.greenheartcbd.io/assets/images/counter_bg.html]
